

============================== 06:31:21.666381 | 82f8a2a9-75fb-4240-a03f-f5f5eebedef4 ==============================
[0m06:31:21.666381 [info ] [Dummy-1   ]: Running with dbt=1.9.4
[0m06:31:21.667501 [debug] [Dummy-1   ]: running dbt with arguments {'printer_width': '80', 'indirect_selection': 'eager', 'log_cache_events': 'False', 'write_json': 'True', 'partial_parse': 'True', 'cache_selected_only': 'False', 'warn_error': 'None', 'version_check': 'True', 'fail_fast': 'False', 'log_path': '/tmp/dbt_output/logs', 'debug': 'False', 'profiles_dir': '/tmp/dbt/', 'use_colors': 'True', 'use_experimental_parser': 'False', 'no_print': 'None', 'quiet': 'False', 'empty': 'False', 'warn_error_options': 'WarnErrorOptions(include=[], exclude=[])', 'static_parser': 'True', 'introspect': 'True', 'log_format': 'default', 'target_path': '/tmp/dbt_output/target/', 'invocation_command': 'dbt ', 'send_anonymous_usage_stats': 'False'}
[0m06:31:22.081427 [info ] [Dummy-1   ]: Registered adapter: snowflake=1.9.2
[0m06:31:23.366062 [debug] [Dummy-1   ]: checksum: 53ed91fada2233efb98368d1716b44ab532c83a9c293cf1890b7905d5b45fb25, vars: {}, profile: , target: dev, version: 1.9.4
[0m06:31:23.368195 [info ] [Dummy-1   ]: Unable to do partial parsing because saved manifest not found. Starting full parse.
[0m06:31:25.005273 [info ] [Dummy-1   ]: One of the tables does not exist or has no columns.
[0m06:31:25.867433 [debug] [Dummy-1   ]: Wrote artifact WritableManifest to /tmp/dbt_output/target/manifest.json
[0m06:31:25.871122 [debug] [Dummy-1   ]: Wrote artifact SemanticManifest to /tmp/dbt_output/target/semantic_manifest.json
[0m06:31:25.938761 [info ] [Dummy-1   ]: Found 6 models, 1 test, 24 sources, 478 macros
[0m06:31:25.941141 [info ] [Dummy-1   ]: 
[0m06:31:25.943149 [info ] [Dummy-1   ]: Concurrency: 1 threads (target='dev')
[0m06:31:25.943879 [info ] [Dummy-1   ]: 
[0m06:31:25.944955 [debug] [Dummy-1   ]: Acquiring new snowflake connection 'master'
[0m06:31:25.948241 [debug] [ThreadPool]: Acquiring new snowflake connection 'list_MAIN'
[0m06:31:26.267861 [debug] [ThreadPool]: Using snowflake connection "list_MAIN"
[0m06:31:26.269773 [debug] [ThreadPool]: On list_MAIN: /* {"app": "dbt", "dbt_version": "1.9.4", "profile_name": "Snowflake_DBT_Integration", "target_name": "dev", "connection_name": "list_MAIN"} */
show terse schemas in database MAIN
    limit 10000
[0m06:31:26.270497 [debug] [ThreadPool]: Opening a new connection, currently in state init
[0m06:31:26.618235 [debug] [ThreadPool]: SQL status: SUCCESS 9 in 0.348 seconds
[0m06:31:26.630862 [debug] [ThreadPool]: Re-using an available connection from the pool (formerly list_MAIN, now list_MAIN_STAGING)
[0m06:31:26.648021 [debug] [ThreadPool]: Using snowflake connection "list_MAIN_STAGING"
[0m06:31:26.648875 [debug] [ThreadPool]: On list_MAIN_STAGING: /* {"app": "dbt", "dbt_version": "1.9.4", "profile_name": "Snowflake_DBT_Integration", "target_name": "dev", "connection_name": "list_MAIN_STAGING"} */
alter session set quoted_identifiers_ignore_case = false;
[0m06:31:26.650766 [debug] [ThreadPool]: Opening a new connection, currently in state init
[0m06:31:26.982098 [debug] [ThreadPool]: SQL status: SUCCESS 1 in 0.331 seconds
[0m06:31:26.988770 [debug] [ThreadPool]: Using snowflake connection "list_MAIN_STAGING"
[0m06:31:26.989596 [debug] [ThreadPool]: On list_MAIN_STAGING: /* {"app": "dbt", "dbt_version": "1.9.4", "profile_name": "Snowflake_DBT_Integration", "target_name": "dev", "connection_name": "list_MAIN_STAGING"} */
show objects in MAIN.STAGING
    limit 10000
    
;
[0m06:31:27.069364 [debug] [ThreadPool]: SQL status: SUCCESS 16 in 0.078 seconds
[0m06:31:27.072203 [debug] [ThreadPool]: Using snowflake connection "list_MAIN_STAGING"
[0m06:31:27.073848 [debug] [ThreadPool]: On list_MAIN_STAGING: /* {"app": "dbt", "dbt_version": "1.9.4", "profile_name": "Snowflake_DBT_Integration", "target_name": "dev", "connection_name": "list_MAIN_STAGING"} */
alter session unset quoted_identifiers_ignore_case;
[0m06:31:27.118347 [debug] [ThreadPool]: SQL status: SUCCESS 1 in 0.044 seconds
[0m06:31:27.142828 [debug] [Thread-2 (]: Began running node model.Snowflake_DBT_Integration.CALL_sync_table_columns
[0m06:31:27.143807 [info ] [Thread-2 (]: 1 of 1 START sql view model STAGING.CALL_sync_table_columns .................... [RUN]
[0m06:31:27.144850 [debug] [Thread-2 (]: Re-using an available connection from the pool (formerly list_MAIN_STAGING, now model.Snowflake_DBT_Integration.CALL_sync_table_columns)
[0m06:31:27.146712 [debug] [Thread-2 (]: Began compiling node model.Snowflake_DBT_Integration.CALL_sync_table_columns
[0m06:31:27.158920 [debug] [Thread-2 (]: Writing injected SQL for node "model.Snowflake_DBT_Integration.CALL_sync_table_columns"
[0m06:31:27.160480 [debug] [Thread-2 (]: Began executing node model.Snowflake_DBT_Integration.CALL_sync_table_columns
[0m06:31:27.193669 [debug] [Thread-2 (]: Using snowflake connection "model.Snowflake_DBT_Integration.CALL_sync_table_columns"
[0m06:31:27.194811 [debug] [Thread-2 (]: On model.Snowflake_DBT_Integration.CALL_sync_table_columns: /* {"app": "dbt", "dbt_version": "1.9.4", "profile_name": "Snowflake_DBT_Integration", "target_name": "dev", "node_id": "model.Snowflake_DBT_Integration.CALL_sync_table_columns"} */
SELECT 
        CASE WHEN ENDSWITH(COLUMN_NAME, '_c__c') THEN UPPER(REPLACE(COLUMN_NAME, '_c__c', '__c'))
            WHEN ENDSWITH(COLUMN_NAME, '__c') THEN UPPER(REPLACE(COLUMN_NAME, '__c', ''))
            ELSE UPPER(COLUMN_NAME)
        END AS COLUMN_NAME,
        ORDINAL_POSITION,
        DATA_TYPE,
        CHARACTER_MAXIMUM_LENGTH,
        NUMERIC_PRECISION,
        NUMERIC_SCALE,
        IS_NULLABLE,
        COLUMN_DEFAULT
    FROM MAIN.INFORMATION_SCHEMA.COLUMNS
    WHERE UPPER(TABLE_SCHEMA) = UPPER('PUBLIC')
      AND UPPER(TABLE_NAME) = UPPER('EMPLOYEEDETAILS')
    ORDER BY ORDINAL_POSITION
[0m06:31:27.196866 [debug] [Thread-2 (]: Opening a new connection, currently in state init
[0m06:31:29.307908 [debug] [Thread-2 (]: SQL status: SUCCESS 12 in 2.110 seconds
[0m06:31:29.312593 [debug] [Thread-2 (]: Using snowflake connection "model.Snowflake_DBT_Integration.CALL_sync_table_columns"
[0m06:31:29.313561 [debug] [Thread-2 (]: On model.Snowflake_DBT_Integration.CALL_sync_table_columns: /* {"app": "dbt", "dbt_version": "1.9.4", "profile_name": "Snowflake_DBT_Integration", "target_name": "dev", "node_id": "model.Snowflake_DBT_Integration.CALL_sync_table_columns"} */
SELECT 
        UPPER(COLUMN_NAME) AS COLUMN_NAME,
        ORDINAL_POSITION,
        DATA_TYPE,
        CHARACTER_MAXIMUM_LENGTH,
        NUMERIC_PRECISION,
        NUMERIC_SCALE,
        IS_NULLABLE,
        COLUMN_DEFAULT
    FROM MAIN.INFORMATION_SCHEMA.COLUMNS
    WHERE UPPER(TABLE_SCHEMA) = UPPER('PUBLIC')
      AND UPPER(TABLE_NAME) = UPPER('EMPLOYEE_DETAILS4')
      AND UPPER(COLUMN_NAME) NOT IN ('DBT_UPDATED_AT','DBT_RUN_ID')
    ORDER BY ORDINAL_POSITION
[0m06:31:30.693372 [debug] [Thread-2 (]: SQL status: SUCCESS 10 in 1.379 seconds
[0m06:31:30.697950 [info ] [Thread-2 (]:   → SUPPORTED: Increasing text string length from 10 to 20
[0m06:31:30.700329 [info ] [Thread-2 (]: Schema sync required for MAIN.PUBLIC.EMPLOYEE_DETAILS4
[0m06:31:30.701176 [info ] [Thread-2 (]: Protected columns: ID, HIREDATE
[0m06:31:30.702058 [info ] [Thread-2 (]: Executing: ALTER TABLE MAIN.PUBLIC.EMPLOYEE_DETAILS4 ALTER COLUMN ZIPCODE SET DATA TYPE TEXT(20)
[0m06:31:30.704374 [debug] [Thread-2 (]: Using snowflake connection "model.Snowflake_DBT_Integration.CALL_sync_table_columns"
[0m06:31:30.705358 [debug] [Thread-2 (]: On model.Snowflake_DBT_Integration.CALL_sync_table_columns: /* {"app": "dbt", "dbt_version": "1.9.4", "profile_name": "Snowflake_DBT_Integration", "target_name": "dev", "node_id": "model.Snowflake_DBT_Integration.CALL_sync_table_columns"} */
ALTER TABLE MAIN.PUBLIC.EMPLOYEE_DETAILS4 ALTER COLUMN ZIPCODE SET DATA TYPE TEXT(20)
[0m06:31:30.874159 [debug] [Thread-2 (]: SQL status: SUCCESS 1 in 0.168 seconds
[0m06:31:30.877581 [info ] [Thread-2 (]: Executing: ALTER TABLE MAIN.PUBLIC.EMPLOYEE_DETAILS4 ADD COLUMN ATTENDANCE_PERCENTAGE NUMBER(20,3) NULL
[0m06:31:30.878828 [debug] [Thread-2 (]: Using snowflake connection "model.Snowflake_DBT_Integration.CALL_sync_table_columns"
[0m06:31:30.880785 [debug] [Thread-2 (]: On model.Snowflake_DBT_Integration.CALL_sync_table_columns: /* {"app": "dbt", "dbt_version": "1.9.4", "profile_name": "Snowflake_DBT_Integration", "target_name": "dev", "node_id": "model.Snowflake_DBT_Integration.CALL_sync_table_columns"} */
ALTER TABLE MAIN.PUBLIC.EMPLOYEE_DETAILS4 ADD COLUMN ATTENDANCE_PERCENTAGE NUMBER(20,3) NULL
[0m06:31:31.044139 [debug] [Thread-2 (]: SQL status: SUCCESS 1 in 0.162 seconds
[0m06:31:31.047120 [info ] [Thread-2 (]: Executing: ALTER TABLE MAIN.PUBLIC.EMPLOYEE_DETAILS4 ADD COLUMN MANAGER TEXT(16777216) NULL
[0m06:31:31.048416 [debug] [Thread-2 (]: Using snowflake connection "model.Snowflake_DBT_Integration.CALL_sync_table_columns"
[0m06:31:31.050516 [debug] [Thread-2 (]: On model.Snowflake_DBT_Integration.CALL_sync_table_columns: /* {"app": "dbt", "dbt_version": "1.9.4", "profile_name": "Snowflake_DBT_Integration", "target_name": "dev", "node_id": "model.Snowflake_DBT_Integration.CALL_sync_table_columns"} */
ALTER TABLE MAIN.PUBLIC.EMPLOYEE_DETAILS4 ADD COLUMN MANAGER TEXT(16777216) NULL
[0m06:31:31.171577 [debug] [Thread-2 (]: SQL status: SUCCESS 1 in 0.120 seconds
[0m06:31:31.174623 [info ] [Thread-2 (]: Schema sync completed successfully!
[0m06:31:31.176833 [debug] [Thread-2 (]: Using snowflake connection "model.Snowflake_DBT_Integration.CALL_sync_table_columns"
[0m06:31:31.177714 [debug] [Thread-2 (]: On model.Snowflake_DBT_Integration.CALL_sync_table_columns: /* {"app": "dbt", "dbt_version": "1.9.4", "profile_name": "Snowflake_DBT_Integration", "target_name": "dev", "node_id": "model.Snowflake_DBT_Integration.CALL_sync_table_columns"} */
select 'Schema sync completed successfully!'
[0m06:31:31.240624 [debug] [Thread-2 (]: SQL status: SUCCESS 1 in 0.062 seconds
[0m06:31:31.285678 [debug] [Thread-2 (]: Writing runtime sql for node "model.Snowflake_DBT_Integration.CALL_sync_table_columns"
[0m06:31:31.287215 [debug] [Thread-2 (]: Using snowflake connection "model.Snowflake_DBT_Integration.CALL_sync_table_columns"
[0m06:31:31.289011 [debug] [Thread-2 (]: On model.Snowflake_DBT_Integration.CALL_sync_table_columns: /* {"app": "dbt", "dbt_version": "1.9.4", "profile_name": "Snowflake_DBT_Integration", "target_name": "dev", "node_id": "model.Snowflake_DBT_Integration.CALL_sync_table_columns"} */
create or replace   view MAIN.STAGING.CALL_sync_table_columns
  
   as (
    

select current_timestamp() as last_run_date
  );
[0m06:31:31.462902 [debug] [Thread-2 (]: SQL status: SUCCESS 1 in 0.173 seconds
[0m06:31:31.500625 [info ] [Thread-2 (]: 1 of 1 OK created sql view model STAGING.CALL_sync_table_columns ............... [[32mSUCCESS 1[0m in 4.35s]
[0m06:31:31.501719 [debug] [Thread-2 (]: Finished running node model.Snowflake_DBT_Integration.CALL_sync_table_columns
[0m06:31:31.506188 [debug] [Dummy-1   ]: Connection 'master' was properly closed.
[0m06:31:31.507984 [debug] [Dummy-1   ]: Connection 'model.Snowflake_DBT_Integration.CALL_sync_table_columns' was properly closed.
[0m06:31:31.508619 [info ] [Dummy-1   ]: 
[0m06:31:31.509390 [info ] [Dummy-1   ]: Finished running 1 view model in 0 hours 0 minutes and 5.56 seconds (5.56s).
[0m06:31:31.511592 [debug] [Dummy-1   ]: Command end result
[0m06:31:31.550260 [debug] [Dummy-1   ]: Wrote artifact WritableManifest to /tmp/dbt_output/target/manifest.json
[0m06:31:31.553765 [debug] [Dummy-1   ]: Wrote artifact SemanticManifest to /tmp/dbt_output/target/semantic_manifest.json
[0m06:31:31.561797 [debug] [Dummy-1   ]: Wrote artifact RunExecutionResult to /tmp/dbt_output/target/run_results.json
[0m06:31:31.562485 [info ] [Dummy-1   ]: 
[0m06:31:31.563350 [info ] [Dummy-1   ]: [32mCompleted successfully[0m
[0m06:31:31.564067 [info ] [Dummy-1   ]: 
[0m06:31:31.565892 [info ] [Dummy-1   ]: Done. PASS=1 WARN=0 ERROR=0 SKIP=0 TOTAL=1
[0m06:31:31.569273 [debug] [Dummy-1   ]: Resource report: {"command_name": "run", "command_success": true, "command_wall_clock_time": 10.00838, "process_in_blocks": "0", "process_kernel_time": 1.17, "process_mem_max_rss": "494728", "process_out_blocks": "0", "process_user_time": 8.96}
[0m06:31:31.570210 [debug] [Dummy-1   ]: Command `cli run` succeeded at 06:31:31.569859 after 10.01 seconds
[0m06:31:31.570881 [debug] [Dummy-1   ]: Flushing usage events
